
Welcome to Gradle 9.2.1!

Here are the highlights of this release:
 - Windows ARM support
 - Improved publishing APIs
 - Better guidance for dependency verification failures

For more details see https://docs.gradle.org/9.2.1/release-notes.html

Starting a Gradle Daemon, 1 incompatible and 1 stopped Daemons could not be reused, use --status for details
Calculating task graph as no cached configuration is available for tasks: build
> Task :jarJar NO-SOURCE
> Task :processTestResources FAILED
> Task :generateModMetadata

> Task :createMinecraftArtifacts
Loaded 145 artifacts from C:\Users\User_\OneDrive\Desktop\simplecapturetheflag-template-1.21.1\build\tmp\createMinecraftArtifacts\nfrt_artifact_manifest.properties
[1m*** Started working on [4mdownloadJson[23;0m[23;0m
  DL    https://piston-meta.mojang.com/mc/game/version_manifest_v2.json
  DL    https://piston-meta.mojang.com/v1/packages/81396eb81dcfec06cf6fa1c6fa06e4ab0c15eb81/1.21.1.json
 [1m[92mDONE [23;0m Completed [4mdownloadJson[23;0m in 1.06s
[1m*** Started working on [4mdownloadServer[23;0m[23;0m
[1m*** Started working on [4mdownloadClientMappings[23;0m[23;0m
[1m*** Started working on [4mdownloadClient[23;0m[23;0m
  DL    https://piston-data.mojang.com/v1/objects/30c73b1c5da787909b2f73340419fdf13b9def88/client.jar
  DL    https://piston-data.mojang.com/v1/objects/59353fb40c36d304f2035d51e7d6e6baa98dc05c/server.jar
  DL    https://piston-data.mojang.com/v1/objects/2244b6f072256667bcd9a73df124d6c58de77992/client.txt
 [1m[92mDONE [23;0m Completed [4mdownloadClientMappings[23;0m in 2.96s
[1m*** Started working on [4mmergeMappings[23;0m[23;0m
 RUN   Running external tool net.neoforged.installertools:installertools:2.1.2:fatjar
 [1m[92mDONE [23;0m Completed [4mdownloadClient[23;0m in 9.01s
[1m*** Started working on [4mstripClient[23;0m[23;0m
 [1m[92mDONE [23;0m Completed [4mmergeMappings[23;0m in 6.32s
 [1m[92mDONE [23;0m Completed [4mdownloadServer[23;0m in 13.38s
[1m*** Started working on [4mextractServer[23;0m[23;0m
 RUN   Running external tool net.neoforged.installertools:installertools:2.1.2:fatjar
 [1m[92mDONE [23;0m Completed [4mextractServer[23;0m in 0.98s
[1m*** Started working on [4mstripServer[23;0m[23;0m
 [1m[92mDONE [23;0m Completed [4mstripClient[23;0m in 6.29s
 [1m[92mDONE [23;0m Completed [4mstripServer[23;0m in 3.73s
[1m*** Started working on [4mmerge[23;0m[23;0m
 RUN   Running external tool net.neoforged:mergetool:2.0.3:fatjar
 [1m[92mDONE [23;0m Completed [4mmerge[23;0m in 8.80s
[1m*** Started working on [4mrename[23;0m[23;0m
 RUN   Running external tool net.neoforged:AutoRenamingTool:2.0.3:all
 [1m[92mDONE [23;0m Completed [4mrename[23;0m in 10.52s
[1m*** Started working on [4mdecompile[23;0m[23;0m
 RUN   Running external tool org.vineflower:vineflower:1.10.1
 [1m[92mDONE [23;0m Completed [4mdecompile[23;0m in 97.18s
[1m*** Started working on [4minject[23;0m[23;0m
 [1m[92mDONE [23;0m Completed [4minject[23;0m in 17.07s
[1m*** Started working on [4mpatch[23;0m[23;0m
 RUN   Running external tool io.codechicken:DiffPatch:2.0.0.36:all
 [1m[92mDONE [23;0m Completed [4mpatch[23;0m in 12.21s
[1m*** Started working on [4mapplyNeoforgePatches[23;0m[23;0m
 RUN   Running external tool io.codechicken:DiffPatch:2.0.0.36:all
 [1m[92mDONE [23;0m Completed [4mapplyNeoforgePatches[23;0m in 25.18s
[1m*** Started working on [4mtransformSources[23;0m[23;0m
 RUN   Running external tool net.neoforged.jst:jst-cli-bundle:2.0.11
 [1m[92mDONE [23;0m Completed [4mtransformSources[23;0m in 20.91s
[1m*** Started working on [4mrecompile[23;0m[23;0m
 110 items on the compile classpath
 0 items on the sourcepath
[1m*** Started working on [4msourcesWithNeoForge[23;0m[23;0m
 Compiling 5364 source files
 [1m[92mDONE [23;0m Completed [4msourcesWithNeoForge[23;0m in 19.27s
Copied 0 resource files
 [1m[92mDONE [23;0m Completed [4mrecompile[23;0m in 79.42s
[1m*** Started working on [4mcompiledWithNeoForge[23;0m[23;0m
 [1m[92mDONE [23;0m Completed [4mcompiledWithNeoForge[23;0m in 24.61s
[1m*** Started working on [4msourcesAndCompiledWithNeoForge[23;0m[23;0m
 [1m[92mDONE [23;0m Completed [4msourcesAndCompiledWithNeoForge[23;0m in 5.90s
Total runtime: 324.37s


[Incubating] Problems report is available at: file:///C:/Users/User_/OneDrive/Desktop/simplecapturetheflag-template-1.21.1/build/reports/problems/problems-report.html

Deprecated Gradle features were used in this build, making it incompatible with Gradle 10.

You can use '--warning-mode all' to show the individual deprecation warnings and determine if they come from your own scripts or plugins.

For more on this, please refer to https://docs.gradle.org/9.2.1/userguide/command_line_interface.html#sec:command_line_warnings in the Gradle documentation.
3 actionable tasks: 3 executed
Configuration cache entry stored.
